[20:06:18.374] [INFO] storybook v10.1.2
[20:06:23.497] [DEBUG] Getting package.json info for C:/Users/Hari/Documents/yuva/lib/apps/storybook/package.json...
[20:06:23.573] [WARN] Could not resolve addon "storybook/addon-essentials", skipping. Is it installed?
[20:06:23.604] [WARN] Could not resolve addon "storybook/addon-links", skipping. Is it installed?
[20:06:23.637] [WARN] Could not resolve addon "storybook/addon-a11y", skipping. Is it installed?
[20:06:23.692] [WARN] Could not resolve addon "storybook/addon-docs", skipping. Is it installed?
[20:06:23.766] [WARN] Could not resolve addon "@storybook/addon-vitest", skipping. Is it installed?
[20:06:25.004] [WARN] Could not resolve addon "storybook/addon-essentials", skipping. Is it installed?
[20:06:25.010] [WARN] Could not resolve addon "storybook/addon-links", skipping. Is it installed?
[20:06:25.013] [WARN] Could not resolve addon "storybook/addon-a11y", skipping. Is it installed?
[20:06:25.018] [WARN] Could not resolve addon "storybook/addon-docs", skipping. Is it installed?
[20:06:25.030] [WARN] Could not resolve addon "@storybook/addon-vitest", skipping. Is it installed?
[20:06:40.599] [DEBUG] Serving static files from [36mapps/storybook/public[39m at [36m/[39m
[20:06:40.643] [INFO] Starting...
[20:06:41.103] [WARN] No story files found for the specified pattern: [34m**\*.mdx[39m
[20:06:41.115] [WARN] No story files found for the specified pattern: [34m**\*.stories.@(js|jsx|ts|tsx|mdx)[39m
[20:06:43.944] [DEBUG] Starting preview..
[20:06:47.478] [ERROR] Failed to build the preview
[20:06:47.491] [ERROR] Error [ERR_MODULE_NOT_FOUND]: Cannot find package '@storybook/addon-vitest' imported from .\node_modules\.vite-temp\vite.config.ts.timestamp-1764513407364-ecb8835a24dbf.mjs
Did you mean to import "@storybook/addon-vitest/dist/vitest-plugin/index.js"?
    at Object.getPackageJSONURL (node:internal/modules/package_json_reader:268:9)
    at packageResolve (node:internal/modules/esm/resolve:768:81)
    at moduleResolve (node:internal/modules/esm/resolve:854:18)
    at defaultResolve (node:internal/modules/esm/resolve:984:11)
    at nextResolve (node:internal/modules/esm/hooks:748:28)
    at Hooks.resolve (node:internal/modules/esm/hooks:240:30)
    at handleMessage (node:internal/modules/esm/worker:199:24)
    at Immediate.checkForMessages [as _onImmediate] (node:internal/modules/esm/worker:141:28)
    at process.processImmediate (node:internal/timers:491:21)
[20:06:47.548] [WARN] Broken build, fix the error above.
You may need to refresh the browser.
[20:06:47.612] [WARN] Could not resolve addon "storybook/addon-essentials", skipping. Is it installed?
[20:06:47.614] [WARN] Could not resolve addon "storybook/addon-links", skipping. Is it installed?
[20:06:47.621] [WARN] Could not resolve addon "storybook/addon-a11y", skipping. Is it installed?
[20:06:47.623] [WARN] Could not resolve addon "storybook/addon-docs", skipping. Is it installed?
[20:06:47.632] [WARN] Could not resolve addon "@storybook/addon-vitest", skipping. Is it installed?